
              -- N E S T --
  Copyright (C) 2004 The NEST Initiative

 Version: 3.6.0
 Built: Aug 18 2026 15:47:36

 This program is provided AS IS and comes with
 NO WARRANTY. See the file LICENSE for details.

 Problems or suggestions?
   Visit https://www.nest-simulator.org

 Type 'nest.help()' to find out more about NEST.


              -- N E S T --
  Copyright (C) 2004 The NEST Initiative

 Version: 3.6.0
 Built: Aug 18 2026 15:47:36

 This program is provided AS IS and comes with
 NO WARRANTY. See the file LICENSE for details.

 Problems or suggestions?
   Visit https://www.nest-simulator.org

 Type 'nest.help()' to find out more about NEST.


              -- N E S T --
  Copyright (C) 2004 The NEST Initiative

 Version: 3.6.0
 Built: Aug 18 2026 15:47:36

 This program is provided AS IS and comes with
 NO WARRANTY. See the file LICENSE for details.

 Problems or suggestions?
   Visit https://www.nest-simulator.org

 Type 'nest.help()' to find out more about NEST.


              -- N E S T --
  Copyright (C) 2004 The NEST Initiative

 Version: 3.6.0
 Built: Aug 18 2026 15:47:36

 This program is provided AS IS and comes with
 NO WARRANTY. See the file LICENSE for details.

 Problems or suggestions?
   Visit https://www.nest-simulator.org

 Type 'nest.help()' to find out more about NEST.

